/usr/src/app$ cd code-user/
/usr/src/app/code-user$ git status
On branch main
Changes to be committed:
  (use "git restore --staged <file>..." to unstage)
        deleted:    index.html
        new file:   index.md

Changes not staged for commit:
  (use "git add <file>..." to update what will be committed)
  (use "git restore <file>..." to discard changes in working directory)
        modified:   hexlet.txt

Untracked files:
  (use "git add <file>..." to include in what will be committed)
        dir/

/usr/src/app/code-user$ git restore --staged .
/usr/src/app/code-user$ git restore .
/usr/src/app/code-user$ git status
On branch main
Untracked files:
  (use "git add <file>..." to include in what will be committed)
        dir/
        index.md

nothing added to commit but untracked files present (use "git add" to track)
/usr/src/app/code-user$ git clean -fd
Removing dir/
Removing index.md
/usr/src/app/code-user$ git status
On branch main
nothing to commit, working tree clean
/usr/src/app/code-user$ 



