/usr/src/app$ cd code-user
/usr/src/app/code-user$ git status
On branch main
Changes not staged for commit:
  (use "git add <file>..." to update what will be committed)
  (use "git restore <file>..." to discard changes in working directory)
        modified:   notes.txt

Untracked files:
  (use "git add <file>..." to include in what will be committed)
        .gitignore
        todo.md

no changes added to commit (use "git add" and/or "git commit -a")
/usr/src/app/code-user$ nano .gitignore 
/usr/src/app/code-user$ git rm --cached notes.txt
git rm --cached todo.md
rm 'notes.txt'
fatal: pathspec 'todo.md' did not match any files
/usr/src/app/code-user$ git add .gitignore 
/usr/src/app/code-user$ git commit -m "add .gitignore"
[main b8918af] changes
 2 files changed, 5 insertions(+), 3 deletions(-)
 create mode 100644 .gitignore
 delete mode 100644 notes.txt
/usr/src/app/code-user$ 



