/usr/src/app$ ls
code-teacher  code-user  Makefile  package.json  repos  __tests__
/usr/src/app$ cd code-
bash: cd: code-: No such file or directory
/usr/src/app$ cd code-user/
/usr/src/app/code-user$ ls
/usr/src/app/code-user$ touch index.html
/usr/src/app/code-user$ touch hexlet.txt
/usr/src/app/code-user$ rm imdex.html
rm: cannot remove 'imdex.html': No such file or directory
/usr/src/app/code-user$ rm index.html
/usr/src/app/code-user$ git add .
/usr/src/app/code-user$ git commit -m "Удален файл index.html"
[main c964293] Удален файл index.html
 2 files changed, 2 deletions(-)
 delete mode 100644 index.html
/usr/src/app/code-user$ git diff --staged 
/usr/src/app/code-user$ git status
On branch main
nothing to commit, working tree clean
/usr/src/app/code-user$ mv hexlet.txt hexlet2.txt
/usr/src/app/code-user$ git add .
/usr/src/app/code-user$ git commit -m "Переименован файл hexlet.txt в hexlet2.txt"
[main df75050] Переименован файл hexlet.txt в hexlet2.txt
 1 file changed, 0 insertions(+), 0 deletions(-)
 rename hexlet.txt => hexlet2.txt (100%)
/usr/src/app/code-user$ git status
